{
  "data": {
    "thing": {
      "id": "1",
      "name": "Name"
    }
  }
}
